[?25l[?2004h]2;tuikit-test╭─────────────╮                                                                 
│ tuikit-test │─────────────────────────────────────────────────────────────────
╰─────────────╯                                                                 
  [38;2;52;63;68;48;2;127;187;179;1m[0m  [38;2;52;63;68;48;2;127;187;179;1m Green [0m[38;2;211;198;170m[0m                                                                     
  [0m                                                                              
  [38;2;211;198;170m[0m  [38;2;211;198;170mI am a(n) [0m[38;2;211;198;170;1mColor.[0m                                                            
                                                                                
                                                                                
                                                                                
                                                                                
                                                                                
                                                                                
                                                                                
                                                                                
                                                                                
                                                                                
                                                                                
                                                                                
                                                                                
                                                                                
                                                                                
                                                                                
                                                                                
                                                                                
                                                                                
                                                                                
                                                                                
                                                                                
                                                                                
                                                                                
                                                                                
                                                                                
                                                                                
                                                                                
                                                                                
                                                                                
                                                                                
                                                                                
                                                                                
                                                                                
                                                                                
                                                                                
                                                                                
                                                                                
                                                                                
                                                                                
                                                                                
                                                                                
                                                                                
                                                                                
                                                                                
                                                                                
                                                                                
                                                                                
                                                                                
                                                                                
                                                                                
                                                                                
                                                                                
                                                                                
                                                                                
                                                                                
                                                                                
                                                                                
                                                                                
                                                                                
                                                                                
                                                                                
                                                                                
                                                                                
                                                                                
                                                                                
                                                                                
                                                                                
                                                                                
                                                                                
                                                                                
                                                                                
────────────────────────────────────────────────────────────────────────────────
[ q: quit ] [ h: show help ]                                                    [80D[2K[?2004l[?25h[?1002l[?1003l[?1006l