[?25l[?2004h]2;tuikit-test╭─────────────╮                                                                 
│ tuikit-test │─────────────────────────────────────────────────────────────────
╰─────────────╯                                                                 
                                                                                
                                                                                
 ●∙∙ loading...                                                                 
                                                                                
                                                                                
                                                                                [D[A[A[A[2K[A[A[A[A[A[D[2K╭─────────────╮                                                                 
[B[B[B[B ∙●∙ loading...                                                                 
[B[B[D[2K[A[2K[A[2K[A[2K[A[2K[A[2K[A[2K[A[2K[A[D[2K╭─────────────╮                                                                   
│ tuikit-test │─────────────────────────────────────────────────────────────────  
╰─────────────╯                                                                   
                                                                                  
   3 Colors                                                                       
                                                                                  
   ║ Blue Violet (Tertiary Color)                                                 
     Green (Secondary Color)                                                      
     Red (Primary Color)                                                          
                                                                                  
                                                                                  
                                                                                  
                                                                                  
                                                                                  
                                                                                  
                                                                                  
                                                                                  
                                                                                  
                                                                                  
                                                                                  
                                                                                  
                                                                                  
                                                                                  
                                                                                  
                                                                                  
                                                                                  
                                                                                  
                                                                                  
                                                                                  
                                                                                  
                                                                                  
                                                                                  
                                                                                  
                                                                                  
                                                                                  
                                                                                  
                                                                                  
                                                                                  
────────────────────────────────────────────────────────────────────────────────  
[ q: quit ] [ h: show help ]                                                      [D[2K[?2004l[?25h[?1002l[?1003l[?1006l