[?2004h]2;tuikit-test[?25l[38;2;92;106;114m╭─────────────╮[m
[38;2;92;106;114m│[38;2;127;187;179;1m tuikit-test [38;2;92;106;114;22m│─────────────────────────────────────────────────────────────────[m
[38;2;92;106;114m╰─────────────╯[m
[38;2;248;85;82m!! encountered error !![m

[38;2;248;85;82msomething went wrong[m
[38;2;248;85;82mplease try again[m

[38;2;92;106;114m────────────────────────────────────────────────────────────────────────────────[m
[?25h[?2004l
