[?25l[?2004h]2;tuikit-test[>4;2m[=1;1u[J╭─────────────╮
│ tuikit-test │─────────────────────────────────────────────────────────────────
╰─────────────╯

   3 Colors

[8D║ Blue Violet (Tertiary Color)
[28DGreen (Secondary Color)
[23DRed (Primary Color)





































































────────────────────────────────────────────────────────────────────────────────
[ q: quit ] [ h: show help ][>4m[=0;1u[J[?25h[?2004l]2;[?2026$p[?2027$p