[?2026$p[?2027$p[?25l[?2004h]2;tuikit-test[>4;2m[=1;1u[?u[J╭─────────────╮
│ tuikit-test │─────────────────────────────────────────────────────────────────
╰─────────────╯
    Hello! 

[8DI am a Markdown document.








































































────────────────────────────────────────────────────────────────────────────────
[ q: quit ] [ ↑/↓: navigate ][>4m[=0;1u[J[?25h[?2004l]2;