[?2004h]2;tuikit-test[?25l[38;2;92;106;114m╭─────────────╮[m
[38;2;92;106;114m│[38;2;127;187;179;1m tuikit-test [38;2;92;106;114;22m│─────────────────────────────────────────────────────────────────[m
[38;2;92;106;114m╰─────────────╯[m
   [30X[30C 
   [3;38;2;0;0;0m3 Colors[m[22X[22C 
   [30X[30C 
   [38;2;0;0;0m║[m [1;38;2;0;0;0mBlue Violet (Tertiary Color)[m 
     [38;2;0;0;0mGreen (Secondary Color)[m [4b 
     [38;2;0;0;0mRed (Primary Color)[m [8b 
   [30X[30C 
   [30X[30C 
   [30X[30C 
   [30X[30C 
   [30X[30C 
   [30X[30C 
   [30X[30C 
   [30X[30C 
   [30X[30C 
   [30X[30C 
   [30X[30C 
   [30X[30C 
   [30X[30C 
   [30X[30C 
   [30X[30C 
   [30X[30C 
   [30X[30C 
   [30X[30C 
   [30X[30C 
   [30X[30C 
   [30X[30C 
   [30X[30C 
   [30X[30C 
   [30X[30C 
   [30X[30C 
   [30X[30C 
   [30X[30C 
   [30X[30C 
   [30X[30C 
   [30X[30C 
   [30X[30C 
   [30X[30C 
   [30X[30C 
   [30X[30C 
   [30X[30C 
   [30X[30C 
   [30X[30C 
   [30X[30C 
   [30X[30C 
   [30X[30C 
   [30X[30C 
   [30X[30C 
   [30X[30C 
   [30X[30C 
   [30X[30C 
   [30X[30C 
   [30X[30C 
   [30X[30C 
   [30X[30C 
   [30X[30C 
   [30X[30C 
   [30X[30C 
   [30X[30C 
   [30X[30C 
   [30X[30C 
   [30X[30C 
   [30X[30C 
   [30X[30C 
   [30X[30C 
   [30X[30C 
   [30X[30C 
   [30X[30C 
   [30X[30C 
   [30X[30C 
   [30X[30C 
   [30X[30C 
   [30X[30C 
   [30X[30C 
   [30X[30C 
[38;2;92;106;114m────────────────────────────────────────────────────────────────────────────────[m
[38;2;92;106;114m[ q: quit ] [ h: show help ][m[?25h[?2004l
